[36mvite v7.3.1 [32mbuilding client environment for production...[36m[39m
transforming...
[32mΓ£ô[39m 2215 modules transformed.
node.exe : [31mΓ£ù[39m Build failed in 4.99s
At line:1 char:1
+ & "C:\Program Files\nodejs/node.exe" 
"C:\Program Files\nodejs/node_mo ...
+ ~~~~~~~~~~~~~~~~~~~~~~~~~~~~~~~~~~~~~~~~~~~~~~~
~~~~~~~~~~~~~~~~~~~~~~
    + CategoryInfo          : NotSpecified: ([3 
   1mΓ£ù[39m Build failed in 4.99s:String) [],  
   RemoteException
    + FullyQualifiedErrorId : NativeCommandError
 
[31merror during build:
[31msrc/pages/Shop/ProductDetail.jsx (3:83): 
"FaZap" is not exported by 
"node_modules/react-icons/fa/index.mjs", 
imported by 
"src/pages/Shop/ProductDetail.jsx".[31m
file: [36mB:/material/react_projects/OtakuNation
/client/src/pages/Shop/ProductDetail.jsx:3:83[31
m
[33m
1: import React, { useState } from 'react';
2: import { useParams, Link, useNavigate } from 
'react-router-dom';
3: import { FaHeart, FaRegHeart, FaShoppingCart, 
FaShieldAlt, FaUndo, FaLock, FaBolt, FaZap } 
from 'react-icons/fa';
                                                 
                                     ^
4: import useCartStore from 
'../../store/cartStore';
5: import useProductStore from 
'../../store/productStore';
[31m
    at getRollupError (file:///B:/material/react_
projects/OtakuNation/client/node_modules/rollup/d
ist/es/shared/parseAst.js:402:41)
    at error (file:///B:/material/react_projects/
OtakuNation/client/node_modules/rollup/dist/es/sh
ared/parseAst.js:398:42)
    at Module.error (file:///B:/material/react_pr
ojects/OtakuNation/client/node_modules/rollup/dis
t/es/shared/node-entry.js:17040:16)
    at Module.traceVariable (file:///B:/material/
react_projects/OtakuNation/client/node_modules/ro
llup/dist/es/shared/node-entry.js:17452:29)
    at ModuleScope.findVariable (file:///B:/mater
ial/react_projects/OtakuNation/client/node_module
s/rollup/dist/es/shared/node-entry.js:15070:39)
    at FunctionScope.findVariable (file:///B:/mat
erial/react_projects/OtakuNation/client/node_modu
les/rollup/dist/es/shared/node-entry.js:5673:38)
    at FunctionBodyScope.findVariable (file:///B:
/material/react_projects/OtakuNation/client/node_
modules/rollup/dist/es/shared/node-entry.js:5673:
38)
    at Identifier.bind (file:///B:/material/react
_projects/OtakuNation/client/node_modules/rollup/
dist/es/shared/node-entry.js:5447:40)
    at CallExpression.bind (file:///B:/material/r
eact_projects/OtakuNation/client/node_modules/rol
lup/dist/es/shared/node-entry.js:2825:28)
    at CallExpression.bind (file:///B:/material/r
eact_projects/OtakuNation/client/node_modules/rol
lup/dist/es/shared/node-entry.js:12179:15)[39m
